------------------------------------------------------------
Timing Analyzer Summary
------------------------------------------------------------

Type  : Slow 1100mV 85C Model Setup 'i_clk'
Slack : -2.999
TNS   : -119.483

Type  : Slow 1100mV 85C Model Hold 'i_clk'
Slack : 0.390
TNS   : 0.000

Type  : Slow 1100mV 85C Model Minimum Pulse Width 'i_clk'
Slack : -0.724
TNS   : -71.378

Type  : Slow 1100mV 0C Model Setup 'i_clk'
Slack : -3.241
TNS   : -128.402

Type  : Slow 1100mV 0C Model Hold 'i_clk'
Slack : 0.377
TNS   : 0.000

Type  : Slow 1100mV 0C Model Minimum Pulse Width 'i_clk'
Slack : -0.724
TNS   : -71.402

Type  : Fast 1100mV 85C Model Setup 'i_clk'
Slack : -0.546
TNS   : -12.761

Type  : Fast 1100mV 85C Model Hold 'i_clk'
Slack : 0.177
TNS   : 0.000

Type  : Fast 1100mV 85C Model Minimum Pulse Width 'i_clk'
Slack : -0.090
TNS   : -5.432

Type  : Fast 1100mV 0C Model Setup 'i_clk'
Slack : -0.486
TNS   : -11.266

Type  : Fast 1100mV 0C Model Hold 'i_clk'
Slack : 0.163
TNS   : 0.000

Type  : Fast 1100mV 0C Model Minimum Pulse Width 'i_clk'
Slack : -0.089
TNS   : -5.395

------------------------------------------------------------
